[0m[1;1H[2J|AO|PO
[7C[36m°±²[30;46m      - - - P 1 X A R I O N - T H E - G A M E - - -     [36;40m²±°   [0m 

[1;30mÚÄ///ÄÄÄÄÄÄÄÄÄÄÄÄÄÄÄÄÄÄÄÄÄÄÄÄÄÄÄÄÄÄÄÄÄÄÄÄÄÄÄÄÄÄÄÄÄÄÄÄÄÄÄÄÄÄÄÄÄÄÄÄÄÄÄÄÄÄÄÄÄÄÄÄÄ¿
ÃÄÄÄÄÄÄÄÄÄÄÄÄÄÄÄÄÄÄÄÄÄÄÄÄÄÄÄÄÄÄÄÄÄÄGAMEÄOVERÄÄÄÄÄÄÄÄÄÄÄÄÄÄÄÄÄÄÄÄÄÄÄÄÄÄÄÄÄÄÄÄÄÄ´
³[77C³
³[28C[0m*** MISSION ABORTED ***[26C[1;30m³
³[77C³
³[77C³
³[26CLorem Ipsum Dolor Sid Amed[25C³
³[77C³
³[77C³
³[77C³
³[77C³
³[77C³
³[77C³
³[77C³
³[77C³
ÀÄÄÄÄÄÄÄÄÄÄÄÄÄÄÄÄÄÄÄÄÄÄÄÄÄÄPRESSÄ[[0;5mENTER[0;1;30m]ÄTOÄCONTINUEÄÄÄÄÄÄÄÄÄÄÄÄÄÄÄÄÄÄÄÄÄÄÄÄÄÄÙ
