[0m[1;1H[2J|AO|PO







[79C 
[71C 
[7C[36m°±²[30;46m      - - - P 1 X A R I O N - T H E - G A M E - - -     [36;40m²±°[10C[0m 
[79C 
[26CA Space Text Strategy Game[25C 
[19CCreated by Krzysztof Krystian Jankowski
[20C[1;30mDeveloped in Mystic Pascal for a BBS




[31CPRESS [[0;5mENTER[0;1;30m]
