[0m[1;1H[8C[36m°±²[30;46m      - - - P 1 X A R I O N - T H E - G A M E - - -     [36;40m²±°

[32mÚÄ///ÄÄÄÄÄÄÄÄÄÄÄÄÄÄÄÄÄÄÄÄÄÄÄÄÄÄÄÄÄÄÄÄÄÄÄÄÄÄÄÄÄÄÄÄÄÄÄÄÄÄÄÄÄÄÄÄÄÄÄÄÄÄÄÄÄÄÄÄÄÄÄÄÄ¿
ÃÄÄÄÄÄÄÄÄÄÄÄÄÄÄÄÄÄÄÄÄÄÄÄÄÄÄÄÄÄÄÄÄÄÄGAMEÄOVERÄÄÄÄÄÄÄÄÄÄÄÄÄÄÄÄÄÄÄÄÄÄÄÄÄÄÄÄÄÄÄÄÄÄ´
³                                                                             ³
³                          [1m*** MISSION SUCCESSFUL ***                         [0;32m³
³                                                                             ³
³                                                                             ³
³  [0mAs the commander of the space station P1XArion, you have skillfully        [32m³
³  [0mnavigated through a myriad of challenges, balancing the needs of your      [32m³
³  [0mresidents, managing diplomatic relations, maintaining vital resources, and [32m³
³  [0mensuring the health and happiness of all aboard.                           [32m³
³                                                                             ³
³  [0mYour strategic decisions and careful resource management over 100          [32m³
³  [0mcritical events have ensured the survival and prosperity of P1XArion. Your [32m³
³  [0mleadership has steered the station through perils and opportunities alike, [32m³
³  [0mcreating a beacon of hope and progress in the vastness of space.           [32m³
³                                                                             ³
³  [1mYour success will be remembered [0min the annals of space station             [32m³
³  [0mmanagement as a testament to your prowess and resilience.                  [32m³
³                                                                             ³
³                                                                             ³
ÀÄÄÄÄÄÄÄÄÄÄÄÄÄÄÄÄÄÄÄÄÄÄÄÄÄ[1;30mÄPRESSÄ[[0;5mENTER[0;1;30m]ÄTOÄCONTINUEÄ[0;32mÄÄÄÄÄÄÄÄÄÄÄÄÄÄÄÄÄÄÄÄÄÄÄÄÄÙ
